HTTP/2 301 
date: Thu, 05 Feb 2026 02:17:30 GMT
content-type: text/html
content-length: 167
location: https://www.cloudflare.com/
cache-control: max-age=3600
expires: Thu, 05 Feb 2026 03:17:30 GMT
set-cookie: __cf_bm=QjqZ6wtwdJRVnTz5o7qIyWlWhF7cKAreUZAN7LRiNtM-1770257850-1.0.1.1-tE_UfjMjlDoungudhDVqAnaZaXgL49I4JWaKaPr4vBSuYp9OH0iftjknFUlXEAM.jTTDUqdzuI6FBB.7LqRD7Ksafb84zZr47.z5wEEke_M; path=/; expires=Thu, 05-Feb-26 02:47:30 GMT; domain=.cloudflare.com; HttpOnly; Secure; SameSite=None
report-to: {"endpoints":[{"url":"https:\/\/a.nel.cloudflare.com\/report\/v4?s=dUfjzmKjiz8BoQ53y%2FxwEZRWHKNIs18RS8R5DZkIYifV3bm7jPGKh6uE3Tf4Zj5sKv5L6J30QBMBvYC3OQ85BrdQ%2Brs44WxnzyfsLPR5XAnqnR1LlH7G5yl8dSwzkjwH"}],"group":"cf-nel","max_age":604800}
nel: {"success_fraction":0,"report_to":"cf-nel","max_age":604800}
strict-transport-security: max-age=15780000; includeSubDomains
server: cloudflare
cf-ray: 9c8ee96b4c4478af-ORD
alt-svc: h3=":443"; ma=86400

HTTP/2 200 
date: Thu, 05 Feb 2026 02:17:31 GMT
content-type: text/html; charset=utf-8
cf-ray: 9c8ee971bbc6e241-ORD
set-cookie: _cfms_willow=enable; Max-Age=1209600; path=/; domain=.www.cloudflare.com; SameSite=Strict; Secure
set-cookie: _ga=GA1.1.504c6409-2523-4ac3-b383-ad9644289c90; Domain=.cloudflare.com; Expires=Fri, 05 Mar 2027 02:17:31 GMT; Path=/
set-cookie: cfz_google-analytics_v4={"nzcr_ga4":{"v":"504c6409-2523-4ac3-b383-ad9644289c90","e":1804213051258}}; Domain=.cloudflare.com; Expires=Fri Mar 05 2027 02:17:31 GMT+0000 (Coordinated Universal Time); HttpOnly; SameSite=Lax; Path=/; Secure
set-cookie: cfz_adobe={"MsVJ_ecid":{"v":"CiY1NTI4NzIzMzYzNzQxMTc1ODY2NzI0NzE3MzQ3NDE2MzYzMjAzNlIOCI_J3NzCMyoDVkE2MALwAY_J3NzCMw==","e":1804385851296}}; Domain=.cloudflare.com; Expires=Sun Mar 07 2027 02:17:31 GMT+0000 (Coordinated Universal Time); HttpOnly; SameSite=Lax; Path=/; Secure
set-cookie: kndctr_8AD56F28618A50850A495FB6_AdobeOrg_identity=CiY1NTI4NzIzMzYzNzQxMTc1ODY2NzI0NzE3MzQ3NDE2MzYzMjAzNlIOCI_J3NzCMyoDVkE2MALwAY_J3NzCMw==; Domain=.cloudflare.com; Expires=Sun, 07 Mar 2027 02:17:31 GMT; Path=/; Secure; SameSite=Lax
set-cookie: __cf_bm=H_MIB.Fz5v6tCVqHqnHPEbkLk8tqwKtZTUTwtRrEPCA-1770257851-1.0.1.1-l_RYc9ZymDCdX4.pk8ece1ceXz7N0PZrUFP2lOCovTqK3YswXa_n9XlL7OyMFdddd4w.sjTw1w7T2UyG9_PpLP2a9ObEBCTE6rTzDoAbRqkimZ1sJ0YVmMcqM0snotni; path=/; expires=Thu, 05-Feb-26 02:47:31 GMT; domain=.www.cloudflare.com; HttpOnly; Secure; SameSite=None
strict-transport-security: max-age=31536000; includeSubDomains
permissions-policy: geolocation=(), camera=(), microphone=()
referrer-policy: strict-origin-when-cross-origin
x-content-type-options: nosniff
x-frame-options: SAMEORIGIN
x-xss-protection: 1; mode=block
x-rm: GW
report-to: {"endpoints":[{"url":"https:\/\/a.nel.cloudflare.com\/report\/v4?s=L0j8%2BwVUSx1dQGLK0ZIkQ%2BYvnhI9zOsbUcPdUXkbHzSZTvGwwzA3%2FqjB0JnUFRtOwsx%2FkPqDFWxmHw5styvU4Xm9eUdNZJMu0atwfmUQgcmCAv9vvuCOyakstZhPhptTuwUd8A%3D%3D"}],"group":"cf-nel","max_age":604800}
nel: {"success_fraction":0,"report_to":"cf-nel","max_age":604800}
server: cloudflare
alt-svc: h3=":443"; ma=86400

