
HTTP/1.1 302 Moved Temporarily
Date: Fri, 06 Feb 2026 12:45:26 GMT
Content-Type: text/html
Content-Length: 143
Connection: keep-alive
Cache-Control: private, max-age=0, no-store, no-cache, must-revalidate, post-check=0, pre-check=0
Expires: Thu, 01 Jan 1970 00:00:01 GMT
Location: https://superuser.com/
X-DNS-Prefetch-Control: off
Server: cloudflare
CF-RAY: 9c9abe9fdb54fa0f-ORD

HTTP/2 200 
date: Fri, 06 Feb 2026 12:45:27 GMT
content-type: text/html; charset=utf-8
server: cloudflare
cf-ray: 9c9abea82d4151b7-ORD
cf-cache-status: DYNAMIC
cache-control: private
set-cookie: prov=11ed4179-e055-45fa-8693-6fe0afdb611b; expires=Sat, 06 Feb 2027 12:45:27 GMT; domain=.superuser.com; path=/; secure; samesite=none; httponly
set-cookie: __cflb=02DiuFRjcRKWq2brTwaTV6nhLcJ93oTcUrynaBTQVQzkC; SameSite=Lax; path=/; expires=Sat, 07-Feb-26 11:45:27 GMT; HttpOnly
set-cookie: prov=11ed4179-e055-45fa-8693-6fe0afdb611b; Path=/; HttpOnly; Domain=superuser.com
set-cookie: __cf_bm=CwpY44u3IhQMMlK3srYOFkDOWp79UQogSmgZaMfFsQs-1770381927-1.0.1.1-PhY26eY7K8fdwYm6q.sEg6MOQg0L2Yq3lg3fNTxg.hdVdJoQihEobKikZ2SdQ95Mv9e5nyPby4FwThICZ41Ua9kgkH4apmvR5_ntsgtXgPw; path=/; expires=Fri, 06-Feb-26 13:15:27 GMT; domain=.superuser.com; HttpOnly; Secure; SameSite=None
set-cookie: _cfuvid=u_5ROxFgI_wtJav5SQwkFEgrxKeEsf2epc_QSnf_cL0-1770381927805-0.0.1.1-604800000; path=/; domain=.superuser.com; HttpOnly; Secure; SameSite=None
strict-transport-security: max-age=31536000; includeSubDomains
vary: Accept-Encoding
content-security-policy: upgrade-insecure-requests; frame-ancestors 'self' https://stackexchange.com
content-security-policy-report-only: default-src https: wss: data: blob: 'unsafe-eval' 'unsafe-inline'; frame-ancestors 'self'; report-uri /_/csp-reports
x-clacks-overhead: GNU Terry Pratchett
x-frame-options: SAMEORIGIN
x-request-guid: 0cc87a3a-cbf6-4b51-a965-78e7f8d0f2b8
x-worker-origin-response-time: 82000000
x-dns-prefetch-control: off

HTTP/1.1 302 Moved Temporarily
Date: Fri, 06 Feb 2026 12:46:09 GMT
Content-Type: text/html
Content-Length: 143
Connection: keep-alive
Cache-Control: private, max-age=0, no-store, no-cache, must-revalidate, post-check=0, pre-check=0
Expires: Thu, 01 Jan 1970 00:00:01 GMT
Location: https://superuser.com/
X-DNS-Prefetch-Control: off
Server: cloudflare
CF-RAY: 9c9abfacad8783b9-ORD

HTTP/2 200 
date: Fri, 06 Feb 2026 12:46:10 GMT
content-type: text/html; charset=utf-8
server: cloudflare
cf-ray: 9c9abfb3180deb68-ORD
cf-cache-status: DYNAMIC
cache-control: private
set-cookie: prov=6afbff9a-7a2f-4f40-a14c-34ae348acb89; expires=Sat, 06 Feb 2027 12:46:10 GMT; domain=.superuser.com; path=/; secure; samesite=none; httponly
set-cookie: __cflb=02DiuFRjcRKWq2brTwaTV6nhLcJ93oTcTnEK1ud59xCNY; SameSite=Lax; path=/; expires=Sat, 07-Feb-26 11:46:10 GMT; HttpOnly
set-cookie: prov=6afbff9a-7a2f-4f40-a14c-34ae348acb89; Path=/; HttpOnly; Domain=superuser.com
set-cookie: __cf_bm=UmVKCrLlmx1KUpUlo6ucgyyjxc6vJ4Uwdq3Dv.tKXgc-1770381970-1.0.1.1-9syhbdFcOF0ID7uiLs3UCTKLtrzCgwxuwkIWYE.AGNGXCud.DoGaQVle01Vo4G1jo5yQ7083Hgj5l0jHyx1o_M1Yzt5Kon17Ra6U_D9vhFM; path=/; expires=Fri, 06-Feb-26 13:16:10 GMT; domain=.superuser.com; HttpOnly; Secure; SameSite=None
set-cookie: _cfuvid=OaQCX6_oNbi6PV2q5akNMgCGJ7jn8XMAxwacZssXMKE-1770381970492-0.0.1.1-604800000; path=/; domain=.superuser.com; HttpOnly; Secure; SameSite=None
strict-transport-security: max-age=31536000; includeSubDomains
vary: Accept-Encoding
content-security-policy: upgrade-insecure-requests; frame-ancestors 'self' https://stackexchange.com
content-security-policy-report-only: default-src https: wss: data: blob: 'unsafe-eval' 'unsafe-inline'; frame-ancestors 'self'; report-uri /_/csp-reports
x-clacks-overhead: GNU Terry Pratchett
x-frame-options: SAMEORIGIN
x-request-guid: 94678f29-fd2a-451d-a5df-33862d45c419
x-worker-origin-response-time: 69000000
x-dns-prefetch-control: off

HTTP/1.1 302 Moved Temporarily
Date: Fri, 06 Feb 2026 12:47:14 GMT
Content-Type: text/html
Content-Length: 143
Connection: keep-alive
Cache-Control: private, max-age=0, no-store, no-cache, must-revalidate, post-check=0, pre-check=0
Expires: Thu, 01 Jan 1970 00:00:01 GMT
Location: https://superuser.com/
X-DNS-Prefetch-Control: off
Server: cloudflare
CF-RAY: 9c9ac140ddb8fa11-ORD

HTTP/2 200 
date: Fri, 06 Feb 2026 12:47:15 GMT
content-type: text/html; charset=utf-8
server: cloudflare
cf-ray: 9c9ac1479d2c60b1-ORD
cf-cache-status: DYNAMIC
cache-control: private
set-cookie: prov=85afe9c8-5b95-490d-ac66-26966a3a8916; expires=Sat, 06 Feb 2027 12:47:15 GMT; domain=.superuser.com; path=/; secure; samesite=none; httponly
set-cookie: __cflb=02DiuFRjcRKWq2brTwaTV6nhLcJ93oTcUcDZrsDEoWLDS; SameSite=Lax; path=/; expires=Sat, 07-Feb-26 11:47:15 GMT; HttpOnly
set-cookie: prov=85afe9c8-5b95-490d-ac66-26966a3a8916; Path=/; HttpOnly; Domain=superuser.com
set-cookie: __cf_bm=uWjCHSSttdU5Ya29rGQOjROSk4HOM7GtY76d1lcNnt0-1770382035-1.0.1.1-_3a9fygyaprFcmLLodrJNIucksH1q4zySdbhfA_R.r3of.QrRNAWee9M.JyQWuTv5jMj1B_cXFruxF3WDswMfhpCxQOEzbBXopj252HzFgw; path=/; expires=Fri, 06-Feb-26 13:17:15 GMT; domain=.superuser.com; HttpOnly; Secure; SameSite=None
set-cookie: _cfuvid=rc.IcpscdpSqMETgvz5rUq91q4XiP6NU1cNZuSrrw2E-1770382035222-0.0.1.1-604800000; path=/; domain=.superuser.com; HttpOnly; Secure; SameSite=None
strict-transport-security: max-age=31536000; includeSubDomains
vary: Accept-Encoding
content-security-policy: upgrade-insecure-requests; frame-ancestors 'self' https://stackexchange.com
content-security-policy-report-only: default-src https: wss: data: blob: 'unsafe-eval' 'unsafe-inline'; frame-ancestors 'self'; report-uri /_/csp-reports
x-clacks-overhead: GNU Terry Pratchett
x-frame-options: SAMEORIGIN
x-request-guid: 2b631827-3564-4ffd-83eb-14430965d940
x-worker-origin-response-time: 72000000
x-dns-prefetch-control: off

